
Usage:  docker stack deploy [OPTIONS] STACK

Deploy a new stack or update an existing stack

Aliases:
  docker stack deploy, docker stack up

Options:
  -c, --compose-file strings   Path to a Compose file, or "-" to read
                               from stdin
      --prune                  Prune services that are no longer referenced
      --resolve-image string   Query the registry to resolve image digest
                               and supported platforms ("always",
                               "changed", "never") (default "always")
      --with-registry-auth     Send registry authentication details to
                               Swarm agents
