[
    {
        "Name": "current",
        "Metadata": {
            "Description": "description of current"
        },
        "Endpoints": {
            "docker": {
                "Host": "https://someswarmserver.example.com",
                "SkipTLSVerify": false
            }
        },
        "TLSMaterial": {},
        "Storage": {
            "MetadataPath": "<METADATA_PATH>",
            "TLSPath": "<TLS_PATH>"
        }
    }
]
