nameserver 127.0.0.11

# Based on host file: '/etc/resolv.conf' (internal resolver)
# ExtServers: [fd14:6e0e:f855::1]
# Overrides: []
