nameserver 127.0.0.11

# Based on host file: '/etc/resolv.conf' (internal resolver)
# Used default nameservers.
# ExtServers: [8.8.8.8 8.8.4.4]
# Overrides: []
